[1/156] 12 hits  Tokyo 2020 Olympics men's 100m final
[2/156] 12 hits  Tokyo Olympics athletics men's 100m final
[3/156] 12 hits  Tokyo 2020 Olympics men's 100m preliminary round
[4/156] 12 hits  Tokyo Olympics athletics men's 100m preliminary round
[5/156] 12 hits  Tokyo 2020 Olympics men's 100m preliminary round 1
[6/156] 12 hits  Tokyo 2020 Olympics men's 100m preliminary round 2
[7/156] 12 hits  Tokyo 2020 Olympics men's 100m preliminary round 3
[8/156] 12 hits  Tokyo 2020 Olympics men's 100m heat
[9/156] 12 hits  Tokyo Olympics athletics men's 100m heat
[10/156] 12 hits  Tokyo 2020 Olympics men's 100m heat 1
[11/156] 12 hits  Tokyo 2020 Olympics men's 100m heat 2
[12/156] 12 hits  Tokyo 2020 Olympics men's 100m heat 3
[13/156] 12 hits  Tokyo 2020 Olympics men's 100m heat 4
[14/156] 12 hits  Tokyo 2020 Olympics men's 100m heat 5
[15/156] 12 hits  Tokyo 2020 Olympics men's 100m heat 6
[16/156] 12 hits  Tokyo 2020 Olympics men's 100m heat 7
[17/156] 12 hits  Tokyo 2020 Olympics men's 100m semi-final
[18/156] 12 hits  Tokyo Olympics athletics men's 100m semi-final
[19/156] 12 hits  Tokyo 2020 Olympics men's 100m semi-final 1
[20/156] 12 hits  Tokyo 2020 Olympics men's 100m semi-final 2
[21/156] 12 hits  Tokyo 2020 Olympics men's 100m semi-final 3
[22/156] 12 hits  Tokyo 2020 Olympics women's 100m final
[23/156] 12 hits  Tokyo Olympics athletics women's 100m final
[24/156] 12 hits  Tokyo 2020 Olympics women's 100m preliminary round
[25/156] 12 hits  Tokyo Olympics athletics women's 100m preliminary round
[26/156] 12 hits  Tokyo 2020 Olympics women's 100m preliminary round 1
[27/156] 12 hits  Tokyo 2020 Olympics women's 100m preliminary round 2
[28/156] 12 hits  Tokyo 2020 Olympics women's 100m preliminary round 3
[29/156] 12 hits  Tokyo 2020 Olympics women's 100m heat
[30/156] 12 hits  Tokyo Olympics athletics women's 100m heat
[31/156] 12 hits  Tokyo 2020 Olympics women's 100m heat 1
[32/156] 12 hits  Tokyo 2020 Olympics women's 100m heat 2
[33/156] 12 hits  Tokyo 2020 Olympics women's 100m heat 3
[34/156] 12 hits  Tokyo 2020 Olympics women's 100m heat 4
[35/156] 12 hits  Tokyo 2020 Olympics women's 100m heat 5
[36/156] 12 hits  Tokyo 2020 Olympics women's 100m heat 6
[37/156] 12 hits  Tokyo 2020 Olympics women's 100m heat 7
[38/156] 12 hits  Tokyo 2020 Olympics women's 100m semi-final
[39/156] 12 hits  Tokyo Olympics athletics women's 100m semi-final
[40/156] 12 hits  Tokyo 2020 Olympics women's 100m semi-final 1
[41/156] 12 hits  Tokyo 2020 Olympics women's 100m semi-final 2
[42/156] 12 hits  Tokyo 2020 Olympics women's 100m semi-final 3
[43/156] 12 hits  Tokyo 2020 Olympics women's 100m hurdles final
[44/156] 12 hits  Tokyo Olympics athletics women's 100m hurdles final
[45/156] 12 hits  Tokyo 2020 Olympics women's 100m hurdles heat
[46/156] 12 hits  Tokyo Olympics athletics women's 100m hurdles heat
[47/156] 12 hits  Tokyo 2020 Olympics women's 100m hurdles heat 1
[48/156] 12 hits  Tokyo 2020 Olympics women's 100m hurdles heat 2
[49/156] 12 hits  Tokyo 2020 Olympics women's 100m hurdles heat 3
[50/156] 12 hits  Tokyo 2020 Olympics women's 100m hurdles heat 4
[51/156] 12 hits  Tokyo 2020 Olympics women's 100m hurdles heat 5
[52/156] 12 hits  Tokyo 2020 Olympics women's 100m hurdles semi-final
[53/156] 12 hits  Tokyo Olympics athletics women's 100m hurdles semi-final
[54/156] 12 hits  Tokyo 2020 Olympics women's 100m hurdles semi-final 1
[55/156] 12 hits  Tokyo 2020 Olympics women's 100m hurdles semi-final 2
[56/156] 12 hits  Tokyo 2020 Olympics women's 100m hurdles semi-final 3
[57/156] 12 hits  Tokyo 2020 Olympics men's 110m hurdles final
[58/156] 12 hits  Tokyo Olympics athletics men's 110m hurdles final
[59/156] 12 hits  Tokyo 2020 Olympics men's 110m hurdles heat
[60/156] 12 hits  Tokyo Olympics athletics men's 110m hurdles heat
[61/156] 12 hits  Tokyo 2020 Olympics men's 110m hurdles heat 1
[62/156] 12 hits  Tokyo 2020 Olympics men's 110m hurdles heat 2
[63/156] 12 hits  Tokyo 2020 Olympics men's 110m hurdles heat 3
[64/156] 12 hits  Tokyo 2020 Olympics men's 110m hurdles heat 4
[65/156] 12 hits  Tokyo 2020 Olympics men's 110m hurdles heat 5
[66/156] 12 hits  Tokyo 2020 Olympics men's 110m hurdles semi-final
[67/156] 12 hits  Tokyo Olympics athletics men's 110m hurdles semi-final
[68/156] 12 hits  Tokyo 2020 Olympics men's 110m hurdles semi-final 1
[69/156] 12 hits  Tokyo 2020 Olympics men's 110m hurdles semi-final 2
[70/156] 12 hits  Tokyo 2020 Olympics men's 110m hurdles semi-final 3
[71/156] 12 hits  Paris 2024 Olympics men's 100m final
[72/156] 12 hits  Paris Olympics athletics men's 100m final
[73/156] 12 hits  Paris 2024 Olympics men's 100m preliminary round
[74/156] 12 hits  Paris Olympics athletics men's 100m preliminary round
[75/156] 12 hits  Paris 2024 Olympics men's 100m preliminary round 1
[76/156] 12 hits  Paris 2024 Olympics men's 100m preliminary round 2
[77/156] 12 hits  Paris 2024 Olympics men's 100m preliminary round 3
[78/156] 12 hits  Paris 2024 Olympics men's 100m preliminary round 4
[79/156] 12 hits  Paris 2024 Olympics men's 100m preliminary round 5
[80/156] 12 hits  Paris 2024 Olympics men's 100m preliminary round 6
[81/156] 12 hits  Paris 2024 Olympics men's 100m heat
[82/156] 12 hits  Paris Olympics athletics men's 100m heat
[83/156] 12 hits  Paris 2024 Olympics men's 100m heat 1
[84/156] 12 hits  Paris 2024 Olympics men's 100m heat 2
[85/156] 12 hits  Paris 2024 Olympics men's 100m heat 3
[86/156] 12 hits  Paris 2024 Olympics men's 100m heat 4
[87/156] 12 hits  Paris 2024 Olympics men's 100m heat 5
[88/156] 12 hits  Paris 2024 Olympics men's 100m heat 6
[89/156] 12 hits  Paris 2024 Olympics men's 100m heat 7
[90/156] 12 hits  Paris 2024 Olympics men's 100m heat 8
[91/156] 12 hits  Paris 2024 Olympics men's 100m semi-final
[92/156] 12 hits  Paris Olympics athletics men's 100m semi-final
[93/156] 12 hits  Paris 2024 Olympics men's 100m semi-final 1
[94/156] 12 hits  Paris 2024 Olympics men's 100m semi-final 2
[95/156] 12 hits  Paris 2024 Olympics men's 100m semi-final 3
[96/156] 12 hits  Paris 2024 Olympics women's 100m final
[97/156] 12 hits  Paris Olympics athletics women's 100m final
[98/156] 12 hits  Paris 2024 Olympics women's 100m preliminary round
[99/156] 12 hits  Paris Olympics athletics women's 100m preliminary round
[100/156] 12 hits  Paris 2024 Olympics women's 100m preliminary round 1
[101/156] 12 hits  Paris 2024 Olympics women's 100m preliminary round 2
[102/156] 12 hits  Paris 2024 Olympics women's 100m preliminary round 3
[103/156] 12 hits  Paris 2024 Olympics women's 100m preliminary round 4
[104/156] 12 hits  Paris 2024 Olympics women's 100m heat
[105/156] 12 hits  Paris Olympics athletics women's 100m heat
[106/156] 12 hits  Paris 2024 Olympics women's 100m heat 1
[107/156] 12 hits  Paris 2024 Olympics women's 100m heat 2
[108/156] 12 hits  Paris 2024 Olympics women's 100m heat 3
[109/156] 12 hits  Paris 2024 Olympics women's 100m heat 4
[110/156] 12 hits  Paris 2024 Olympics women's 100m heat 5
[111/156] 12 hits  Paris 2024 Olympics women's 100m heat 6
[112/156] 12 hits  Paris 2024 Olympics women's 100m heat 7
[113/156] 12 hits  Paris 2024 Olympics women's 100m heat 8
[114/156] 12 hits  Paris 2024 Olympics women's 100m semi-final
[115/156] 12 hits  Paris Olympics athletics women's 100m semi-final
[116/156] 12 hits  Paris 2024 Olympics women's 100m semi-final 1
[117/156] 12 hits  Paris 2024 Olympics women's 100m semi-final 2
[118/156] 12 hits  Paris 2024 Olympics women's 100m semi-final 3
[119/156] 12 hits  Paris 2024 Olympics women's 100m hurdles final
[120/156] 12 hits  Paris Olympics athletics women's 100m hurdles final
[121/156] 12 hits  Paris 2024 Olympics women's 100m hurdles heat
[122/156] 12 hits  Paris Olympics athletics women's 100m hurdles heat
[123/156] 12 hits  Paris 2024 Olympics women's 100m hurdles heat 1
[124/156] 12 hits  Paris 2024 Olympics women's 100m hurdles heat 2
[125/156] 12 hits  Paris 2024 Olympics women's 100m hurdles heat 3
[126/156] 12 hits  Paris 2024 Olympics women's 100m hurdles heat 4
[127/156] 12 hits  Paris 2024 Olympics women's 100m hurdles heat 5
[128/156] 12 hits  Paris 2024 Olympics women's 100m hurdles repechage
[129/156] 12 hits  Paris Olympics athletics women's 100m hurdles repechage
[130/156] 12 hits  Paris 2024 Olympics women's 100m hurdles repechage 1
[131/156] 12 hits  Paris 2024 Olympics women's 100m hurdles repechage 2
[132/156] 12 hits  Paris 2024 Olympics women's 100m hurdles repechage 3
[133/156] 12 hits  Paris 2024 Olympics women's 100m hurdles semi-final
[134/156] 12 hits  Paris Olympics athletics women's 100m hurdles semi-final
[135/156] 12 hits  Paris 2024 Olympics women's 100m hurdles semi-final 1
[136/156] 12 hits  Paris 2024 Olympics women's 100m hurdles semi-final 2
[137/156] 12 hits  Paris 2024 Olympics women's 100m hurdles semi-final 3
[138/156] 12 hits  Paris 2024 Olympics men's 110m hurdles final
[139/156] 12 hits  Paris Olympics athletics men's 110m hurdles final
[140/156] 12 hits  Paris 2024 Olympics men's 110m hurdles heat
[141/156] 12 hits  Paris Olympics athletics men's 110m hurdles heat
[142/156] 12 hits  Paris 2024 Olympics men's 110m hurdles heat 1
[143/156] 12 hits  Paris 2024 Olympics men's 110m hurdles heat 2
[144/156] 12 hits  Paris 2024 Olympics men's 110m hurdles heat 3
[145/156] 12 hits  Paris 2024 Olympics men's 110m hurdles heat 4
[146/156] 12 hits  Paris 2024 Olympics men's 110m hurdles heat 5
[147/156] 12 hits  Paris 2024 Olympics men's 110m hurdles repechage
[148/156] 12 hits  Paris Olympics athletics men's 110m hurdles repechage
[149/156] 12 hits  Paris 2024 Olympics men's 110m hurdles repechage 1
[150/156] 12 hits  Paris 2024 Olympics men's 110m hurdles repechage 2
[151/156] 12 hits  Paris 2024 Olympics men's 110m hurdles repechage 3
[152/156] 12 hits  Paris 2024 Olympics men's 110m hurdles semi-final
[153/156] 12 hits  Paris Olympics athletics men's 110m hurdles semi-final
[154/156] 12 hits  Paris 2024 Olympics men's 110m hurdles semi-final 1
[155/156] 12 hits  Paris 2024 Olympics men's 110m hurdles semi-final 2
[156/156] 12 hits  Paris 2024 Olympics men's 110m hurdles semi-final 3
