[1/104] 12 hits  World Athletics Championships Doha 2019 men's 100m final
[2/104] 12 hits  Doha 2019 World Championships men's 100m final
[3/104] 12 hits  World Athletics Championships Doha 2019 men's 100m preliminary round
[4/104] 12 hits  Doha 2019 World Championships men's 100m preliminary round
[5/104] 12 hits  World Athletics Championships Doha 2019 men's 100m heat
[6/104] 12 hits  Doha 2019 World Championships men's 100m heat
[7/104] 12 hits  World Athletics Championships Doha 2019 men's 100m semi-final
[8/104] 12 hits  Doha 2019 World Championships men's 100m semi-final
[9/104] 12 hits  World Athletics Championships Doha 2019 women's 100m final
[10/104] 12 hits  Doha 2019 World Championships women's 100m final
[11/104] 12 hits  World Athletics Championships Doha 2019 women's 100m heat
[12/104] 12 hits  Doha 2019 World Championships women's 100m heat
[13/104] 12 hits  World Athletics Championships Doha 2019 women's 100m semi-final
[14/104] 12 hits  Doha 2019 World Championships women's 100m semi-final
[15/104] 12 hits  World Athletics Championships Doha 2019 women's 100m hurdles final
[16/104] 12 hits  Doha 2019 World Championships women's 100m hurdles final
[17/104] 12 hits  World Athletics Championships Doha 2019 women's 100m hurdles heat
[18/104] 12 hits  Doha 2019 World Championships women's 100m hurdles heat
[19/104] 12 hits  World Athletics Championships Doha 2019 women's 100m hurdles semi-final
[20/104] 12 hits  Doha 2019 World Championships women's 100m hurdles semi-final
[21/104] 12 hits  World Athletics Championships Doha 2019 men's 110m hurdles final
[22/104] 12 hits  Doha 2019 World Championships men's 110m hurdles final
[23/104] 12 hits  World Athletics Championships Doha 2019 men's 110m hurdles heat
[24/104] 12 hits  Doha 2019 World Championships men's 110m hurdles heat
[25/104] 12 hits  World Athletics Championships Doha 2019 men's 110m hurdles semi-final
[26/104] 12 hits  Doha 2019 World Championships men's 110m hurdles semi-final
[27/104] 12 hits  World Athletics Championships Oregon 2022 men's 100m final
[28/104] 12 hits  Eugene 2022 World Championships men's 100m final
[29/104] 12 hits  World Athletics Championships Oregon 2022 men's 100m preliminary round
[30/104] 12 hits  Eugene 2022 World Championships men's 100m preliminary round
[31/104] 12 hits  World Athletics Championships Oregon 2022 men's 100m heat
[32/104] 12 hits  Eugene 2022 World Championships men's 100m heat
[33/104] 12 hits  World Athletics Championships Oregon 2022 men's 100m semi-final
[34/104] 12 hits  Eugene 2022 World Championships men's 100m semi-final
[35/104] 12 hits  World Athletics Championships Oregon 2022 women's 100m final
[36/104] 12 hits  Eugene 2022 World Championships women's 100m final
[37/104] 12 hits  World Athletics Championships Oregon 2022 women's 100m heat
[38/104] 12 hits  Eugene 2022 World Championships women's 100m heat
[39/104] 12 hits  World Athletics Championships Oregon 2022 women's 100m semi-final
[40/104] 12 hits  Eugene 2022 World Championships women's 100m semi-final
[41/104] 12 hits  World Athletics Championships Oregon 2022 women's 100m hurdles final
[42/104] 12 hits  Eugene 2022 World Championships women's 100m hurdles final
[43/104] 12 hits  World Athletics Championships Oregon 2022 women's 100m hurdles heat
[44/104] 12 hits  Eugene 2022 World Championships women's 100m hurdles heat
[45/104] 12 hits  World Athletics Championships Oregon 2022 women's 100m hurdles semi-final
[46/104] 12 hits  Eugene 2022 World Championships women's 100m hurdles semi-final
[47/104] 12 hits  World Athletics Championships Oregon 2022 men's 110m hurdles final
[48/104] 12 hits  Eugene 2022 World Championships men's 110m hurdles final
[49/104] 12 hits  World Athletics Championships Oregon 2022 men's 110m hurdles heat
[50/104] 12 hits  Eugene 2022 World Championships men's 110m hurdles heat
[51/104] 12 hits  World Athletics Championships Oregon 2022 men's 110m hurdles semi-final
[52/104] 12 hits  Eugene 2022 World Championships men's 110m hurdles semi-final
[53/104] 12 hits  World Athletics Championships Budapest 2023 men's 100m final
[54/104] 12 hits  Budapest 2023 World Championships men's 100m final
[55/104] 12 hits  World Athletics Championships Budapest 2023 men's 100m preliminary round
[56/104] 12 hits  Budapest 2023 World Championships men's 100m preliminary round
[57/104] 12 hits  World Athletics Championships Budapest 2023 men's 100m heat
[58/104] 12 hits  Budapest 2023 World Championships men's 100m heat
[59/104] 12 hits  World Athletics Championships Budapest 2023 men's 100m semi-final
[60/104] 12 hits  Budapest 2023 World Championships men's 100m semi-final
[61/104] 12 hits  World Athletics Championships Budapest 2023 women's 100m final
[62/104] 12 hits  Budapest 2023 World Championships women's 100m final
[63/104] 12 hits  World Athletics Championships Budapest 2023 women's 100m heat
[64/104] 12 hits  Budapest 2023 World Championships women's 100m heat
[65/104] 12 hits  World Athletics Championships Budapest 2023 women's 100m semi-final
[66/104] 12 hits  Budapest 2023 World Championships women's 100m semi-final
[67/104] 12 hits  World Athletics Championships Budapest 2023 women's 100m hurdles final
[68/104] 12 hits  Budapest 2023 World Championships women's 100m hurdles final
[69/104] 12 hits  World Athletics Championships Budapest 2023 women's 100m hurdles heat
[70/104] 12 hits  Budapest 2023 World Championships women's 100m hurdles heat
[71/104] 12 hits  World Athletics Championships Budapest 2023 women's 100m hurdles semi-final
[72/104] 12 hits  Budapest 2023 World Championships women's 100m hurdles semi-final
[73/104] 12 hits  World Athletics Championships Budapest 2023 men's 110m hurdles final
[74/104] 12 hits  Budapest 2023 World Championships men's 110m hurdles final
[75/104] 12 hits  World Athletics Championships Budapest 2023 men's 110m hurdles heat
[76/104] 12 hits  Budapest 2023 World Championships men's 110m hurdles heat
[77/104] 12 hits  World Athletics Championships Budapest 2023 men's 110m hurdles semi-final
[78/104] 12 hits  Budapest 2023 World Championships men's 110m hurdles semi-final
[79/104] 12 hits  World Athletics Championships Tokyo 2025 men's 100m final
[80/104] 12 hits  Tokyo 2025 World Championships men's 100m final
[81/104] 12 hits  World Athletics Championships Tokyo 2025 men's 100m preliminary round
[82/104] 12 hits  Tokyo 2025 World Championships men's 100m preliminary round
[83/104] 12 hits  World Athletics Championships Tokyo 2025 men's 100m heat
[84/104] 12 hits  Tokyo 2025 World Championships men's 100m heat
[85/104] 12 hits  World Athletics Championships Tokyo 2025 men's 100m semi-final
[86/104] 12 hits  Tokyo 2025 World Championships men's 100m semi-final
[87/104] 12 hits  World Athletics Championships Tokyo 2025 women's 100m final
[88/104] 12 hits  Tokyo 2025 World Championships women's 100m final
[89/104] 12 hits  World Athletics Championships Tokyo 2025 women's 100m heat
[90/104] 12 hits  Tokyo 2025 World Championships women's 100m heat
[91/104] 12 hits  World Athletics Championships Tokyo 2025 women's 100m semi-final
[92/104] 12 hits  Tokyo 2025 World Championships women's 100m semi-final
[93/104] 12 hits  World Athletics Championships Tokyo 2025 women's 100m hurdles final
[94/104] 12 hits  Tokyo 2025 World Championships women's 100m hurdles final
[95/104] 12 hits  World Athletics Championships Tokyo 2025 women's 100m hurdles heat
[96/104] 12 hits  Tokyo 2025 World Championships women's 100m hurdles heat
[97/104] 12 hits  World Athletics Championships Tokyo 2025 women's 100m hurdles semi-final
[98/104] 12 hits  Tokyo 2025 World Championships women's 100m hurdles semi-final
[99/104] 12 hits  World Athletics Championships Tokyo 2025 men's 110m hurdles final
[100/104] 12 hits  Tokyo 2025 World Championships men's 110m hurdles final
[101/104] 12 hits  World Athletics Championships Tokyo 2025 men's 110m hurdles heat
[102/104] 12 hits  Tokyo 2025 World Championships men's 110m hurdles heat
[103/104] 12 hits  World Athletics Championships Tokyo 2025 men's 110m hurdles semi-final
[104/104] 12 hits  Tokyo 2025 World Championships men's 110m hurdles semi-final
